// Jest Snapshot v1, https://goo.gl/fbAQLP

exports[`matches snapshot 1`] = `
<DocumentFragment>
  <div
    class="col boxDiv"
  >
    <div
      class="mx-2 mt-4"
    />
    <span>
      <button
        class="btn btn-danger btn-sm deleteBtn"
      >
        x
      </button>
    </span>
  </div>
</DocumentFragment>
`;
